// Jest Snapshot v1, https://goo.gl/fbAQLP

exports[`<BasicScreen /> App test against snapshot 1`] = `
<View>
  <Text>
    Hola mundo
  </Text>
</View>
`;
