// Jest Snapshot v1, https://goo.gl/fbAQLP

exports[`<LoginScreen /> App test against snapshot 1`] = `
<View>
  <Text>
    Hola
  </Text>
  <Text>
    Mundo
  </Text>
</View>
`;
